[0]
cls = JSPGScene
name = EmptyScene | TEXT

[1]
cls = JSPGScene
name = EmptyScene2 | TEXT

[2]
cls = JSPGScene
name = AnotherEmpty | TEXT