[0]
cls = JSPGScene
name = SceneWithComments | TEXT
post_exec =
    ()=>{
    \tBar.Foo()
    } | MULTILINE_FUNCTION

desc =
    "Line 1."

    `Block 1.<br>
    Line 1-1.<br>
    Line 1-3.<br>`
