[0]
cls = JSPGScene
name = SceneWithEmptyParams
desc =
    Desc line 1.

    Desc line 2.
