[0]
cls = JSPGScene
name = SceneWithIndents
goto = "Scene2"
pre_exec = Foo.Bar()
desc =
    Desc line 1.

    \tDesc line 2.

    \t\tDesc line 3.