[0]
cls = JSPGScene
name = SceenWithDuplicatedParams
goto = "Scene1"
desc =
    Some line.

    Some line again.
