[0]
cls = JSPGAction
name = Action with multiline text | TEXT
type = scene_right | TEXT
tag = MyTag | TEXT
scene = CurrentScene | TEXT
goto = Scene2 | TEXT
desc =
    `Block 1.<br>
    Line 1.<br>
    Line 2.<br>`

    `>>> Block 2.<br>
    Line \${1}.<br>
    Line \${2}.<br>`

    "`Line ${3}`"
