[0]
cls = JSPGAction
name = Action One | TEXT
scene = SceneName | TEXT
desc = "This is action one content."

[1]
cls = JSPGAction
name = Action Two | TEXT
scene = SceneName | TEXT
desc = "This is action two content."

[2]
cls = JSPGAction
name = Action Three | TEXT
scene = SceneName | TEXT
desc = "This is action three content."